// Vitest Snapshot v1, https://vitest.dev/guide/snapshot.html

exports[`tooltip expansion > snapshots expanded description/effect for representative skills 1`] = `
{
  "abyss": {
    "description": "Create a whirling vortex of frost around a target point",
    "level": 1,
    "skillEffect": "Sphere does no damage
Vortex hits 13 times per second
Cold Damage: <span class="has-text-danger">???</span>-<span class="has-text-danger">???</span>
Mana cost: <span class="has-text-info">19</span>  ",
    "variantKey": null,
  },
  "ancestral_endurance": {
    "description": "Increases your damage mitigation after using Spirit Reave",
    "level": 1,
    "skillEffect": "<span class='has-text-success'>Spirit Reave</span>
Grit: <span class="has-text-white">20</span>%
Duration: <span class="has-text-white">frames(500*(1+[[continuity]].{{skill_duration}}/100))</span> seconds",
    "variantKey": null,
  },
  "artifice_mastery": {
    "description": "Proficiency in the craft imparts advanced field survival techniques",
    "level": 1,
    "skillEffect": "<fieldset class="subskill-inline-block"><legend class="subskill-inline-legend has-text-warning has-text-weight-semibold">Claw Block</legend><div class="subskill-inline-body">Avoid chance from Perfect Being converted to chance to block attacks and spells while wielding two claws<br><span class="has-text-grey"><span class="has-text-white">blvl+[[perfect_being]].{{avoid_damage}}</span>% Base chance to Block</span></div></fieldset>",
    "variantKey": null,
  },
  "flamefront": {
    "description": "Casts a wave of exploding firebolts in front of you",
    "level": 1,
    "skillEffect": "Firebolts: <span class="has-text-danger">???</span>
Fire Damage: <span class="has-text-danger">???</span>-<span class="has-text-danger">???</span>
Mana cost: <span class="has-text-info">8</span>  ",
    "variantKey": "non_sorceress",
  },
}
`;
